[    0.000000] Initializing cgroup subsys cpuset
[    0.000000] Initializing cgroup subsys cpu
[    0.000000] Initializing cgroup subsys cpuacct
[    0.00000] Linux version 4.4.0-134-generic (buildd@lgw01-amd64033) (gcc version 5.4.0 20160609 (Ubuntu 5.4.0-6ubuntu1~16.04.10) ) #160-Ubuntu SMP Wed Aug 15 14:58:00 UTC 2018 (Ubuntu 4.4.0-134.160-generic 4.4.140)
[    0.000000] Command line: BOOT_IMAGE=/boot/vmlinuz-4.4.0-134-generic root=LABEL=cloudimg-rootfs ro console=tty1 console=ttyS0
[    0.000000] KERNEL supported cpus:
[    0.000000]   Intel GenuineIntel
[    0.00000]   AMD AuhenticAMD
[    0.00000]   Centaur CentarHauls
[    0.000000 x86/fpu: xstate_offset[2]:  576, xstate_sizes[2]:  256
[    0.000000] x86/fpu: Supportng XSVE featue 0x01: 'x87 floating point registers'
[    0.000000] x86/fpu: Supporting XSAVE feature 0x02: 'SSE registers'
[    0.00000] x86/fpu: Supprtig XSAVE feature 0x04: 'AVX registrs'
[    0.000000] x86/fpu: Enabled xstate features 0x7, context size is 832 bytes, using standard' format.
[    0.000000] e820: BIOS-provided physical RAM map:
[    0.00000] BIOS-e820: [mem 0x0000000000000000-0x000000000009fbff] usable
[    0.000000] BIOS-e820: [mem 0x000000000009fc00-0x000000000009ffff] reserved
[    0.000000] BIOS-e820: [mem 0x00000000000f0000-0x00000000000fffff] reserved
[    0.000000] BIOS-e820: [mem 0x0000000000100000-0x000000003ffeffff] usable
[    0.000000] BIOS-e820: [mem 0x000000003fff0000-0x000000003fffffff] ACPI data
[    0.000000] BIOS-e820: [mem 0x00000000fec00000-0x00000000fec00fff] reserved
[    0.000000] BIOS-e820: [mem 0x00000000fee00000-0x00000000fee00fff] reserved
[    0.000000] BIOS-e820: [mem 0x00000000fffc0000-0x00000000ffffffff] reserved
[    .000000] NX (Execute Disable) protection: active
[    0.00000] SMBIOS 2.5 present.
[    0.000000] Hypervisor detected: KVM
[    .000000 e820: last_pfn = 0x3fff0 max_arch_pfn = 0x400000000
[    0.000000] MTRR: Dsabled
[    0.000000] x86/PAT: MTRRs disaled, skipping AT initialiation too.
[    0.00000] CPU MTRRs all blank - virtualized system.
[    0.000000] x86/PAT: Configuration [0-7]: WB  WT  UC- UC  WB  WT  UC- UC 
[    0.000000] found SMP MP-table at [mem 0x0009fff0-0x0009ffff] mapped at [ffff88000009fff0]
[    0.000000] Scanning 1 areas for low memory corruption
[    0.000000 RRAMDISK: [mem 0x3630c000-0x3717dff]
[    0.000000] ACPI: Early table checksum verification dsabled
[    0.000000] ACPI: RSDP 0x00000000000E000 000024 (v02 VBOX  )
[    0.000000] ACPI: XSDT0x000000003FFF0030 00003C (v01 VBOX   VBOXXSDT 00000001 ASL  00000061)
[    0.000000] API: FACP 0x000000003FFF00F0 0000F4 (v04 VBOX   VBOXFACP 00000001 ASL  00000061)
[    0.000000] ACPI: DSDT 0x000000003FF0470 0021FF (v02 VBOX   VBOXBIOS 00000002 INTL20100528)
[    0.000000] ACP: FACS 0x000000003FFF0200 000040
[    0.000000] ACPI: FACS 0x000000003FFF0200 000040
[    0.000000] ACPI: APIC 0x000000003FFF0240 0005C v02 VBOX   VBOXAPIC 00000001 ASL  00000061)
[    0.000000] ACPI: SSDT 0x000000003FFF02A0 0001CC (v01 VBOX   VBOXCPUT 00000002 INTL 20100528)
[    0.000000] No NUMA configuration found
[    0.000000] Faking a node at [mem 0x00000000000000000-0x000000003ffeffff]
[    0.000000] NODE_DATA(0) allocated [mem 0x3ffeb000-0x3ffeffff]
[    0.000000] kvm-clock: Using msrs 4b564d01 and 4b564d00
[    0.000000] kvm-clock: cpu 0, msr 0:3ffe3001, primary cpu clock
[    0.000000] kvm-clock: using sched offset of 3757722508 cycles
[    0.000000] clocksource: kvm-clock: mask: 0xffffffffffffffff max_cycles: 0x1cd42e4dffb, max_idle_ns: 881590591483 ns
[    0.000000] Zone ranges:
[    0.000000]   DMA      [mem 0x0000000000001000-0x0000000000ffffff]
[    0.000000]   DMA32    mem 0x0000000001000000-0x000000003ffeffff]
[    0.000000]   Normal   empty
[    0.000000]   Device   empty
[    0.000000] Movable zone stat for each node
[    .0000] Early memory nodranges
[   0.000000]   node   0 [me 0x00000000000100-0x0000000009efff]
[   0.00000]  node   0 [mem0x0000000000100000-0x000000003ffeffff]
[    0.000000] Initmem setup node 0 [mem 0x0000000000001000-0x000000003ffeffff]
[    0.000000] ACPI: PM-Timer IO Port: 0x4008
[    0.000000] IOAPIC[0]: apic_id 2, version 32, address 0xfec00000, GSI 0-23
[    0.000000] ACPI: INT_SRC_OVR (bus 0 bus_irq 0 global_irq 2 dfl dfl)
[    0.000000] ACPI: INT_SRC_OVR (bus 0 bus_irq 9 global_irq 9 low level)
[    0.000000] Using ACPI (MADT) for SMP configuration information
[    0.000000] smpboot: Allwing 2 CPUs, 0 hotplug CPUs
[   0.000000] PM: Registered nosave memory: [mem 0x00000000-0x00000fff]
[    0.000000] PM: Reistered nosave memory: [mem 0x0009f000-0x0009ffff]
[    0.000000] PM: Registered nosave memory: [mem 0x000a0000-0x00efff]
[    0.000000] PM: Registered nosave memory: [mem 0x000f0000-0x000fffff]
[    0.000000] e820: [mem 0x40000000-0xfebfffff] available for PCI devices
[    0.000000] Booting paravirtualized kernel on KVM
[    0.000000] clocksource: refined-jiffies: mask: 0xffffffff max_cycles: 0xffffffff, max_idle_ns: 7645519600211568 ns
[    0.000000] setup_percpu: NR_CPUS:512 nr_cpumask_bits:512 nr_cpu_ids:2 nr_node_ids:1
[    0.000000] PERCPU: Embedded 34 pages/cpu @ffff88003fc00000 s99544 r8192 d31528 u1048576
[   0.000000] PV qspinlock hash table entries: 256 (order: 0, 4096 bytes)
[   0.000000] Built 1 zonelists in Nodeorder, mobility grouping on.  Total pages: 257912
[   0.00000] Policy zone: DMA32
[    0.000000] Kernel command line: BOT_IMAGE=/boot/vmlinuz-.4.0-134-generic root=LABEL=cloudimg-rootfs ro console=tty1 conole=ttyS0
[    0.000000] PID hash table entries: 4096 (order: 3, 32768 bytes)
[    0.000000] Memory: 997724K/1048120K availabe (8554K kenel code, 1314K rwdata, 4004 rodata, 1516K init, 1316K bss, 50396K reserved, 0K cma-reserved)
[   0.000000] SLUB: HWalign=64, Order=0-3, MiObjects=0, CPUs=2, Nodes=1
[   0.000000] Kernel/User page tables isolation: enabled
[    0.00000] Herarcical RCU implementation.
[    0.000000] 	Build-time adjustment of leaf fanot to 64.
[    0.000000] 	RCU restricting CPUs from NR_CPUS=512 to nr_cpu_ids=2.
[    0.000000] RCU: Adjuting gemetry for rcu_fanout_leaf=64, nr_cpu_ids=2
[    0.000000] NR_IRQS:33024 nr_irqs:440 16
[   0.000000] Console: colourVGA+ 80x25
[     0.000000] console [tty1] enabled
[    0.000000] console [ttyS0] enabled
[    0.000000] tsc: Detected 1599.999 MHz processor
[    1.901157] Calibrating delay loop (skipped) preset value.. 3199.99 BogoMIPS (lpj=6399996)
[    1.921272] pid_max: default: 32768 minimum: 301
[    1.925279] ACPI: Core revision 20150930
[    1.928007] ACPI: 2 ACPI AML tables successfully acquired and loaded
[    1.933931] Security Framework initialized
[    1.935627] Yama: becoming mindful.
[    1.938608] AppArmor: AppArmor initialized
[    1.940285] Dentry cache hash table entries: 131072 (order: 8, 1048576 bytes)
[    1.946243] Inode-cache hash table entries: 65536 (order: 7, 524288 bytes)
[    1.958640] Mount-cache hash table entries: 2048 (order: 2, 16384 bytes)
[    1.977830] Mountpoint-cache hash table entries: 2048 (order: 2, 16384 bytes)
[    1.980964] Initializing cgroup subsys io
[    1.982722] Initializing cgroup subsys memory
[    1.988568] Initializing cgroup subsys devices
[    1.990340] Initializing cgroup subsys freezer
[    1.997662] Initializing cgroup subsys net_cls
[    2.005002] Initializing cgroup subsys perf_event
[    2.013149] Initializing cgroup subsys net_prio
[    2.018247] Initializing cgroup subsys hugetlb
[    2.020092] Initializing cgroup subsys pids
[    2.022887] mce: CPU supports 0 MCE banks
[    2.038340] Last level iTLB entries: 4KB 64, 2MB 8, 4MB 8
[    2.046610] Last level dTLB entries: 4KB 64, 2MB 0, 4MB 0, 1GB 4
[    2.049410] Spectre V2 : Mitigation: Full generic retpoline
[    2.051839] Spectre V2 : Speculation control IBPB not-supported IBRS not-supported
[    2.055030] Speculative Store Bypass: Vulnerable
[    2.060354] Freeing SMP alternatives memory: 32K
[    2.072416] ftrace: allocating 32266 entries in 127 pages
[    2.178701] smpboot: APIC(0) Converting physical 0 to logical package 0
[    2.181946] smpboot: Max logical packages: 1
[    2.188508] x2apic enabled
[    2.196465] Switched APIC routing to physical x2apic.
[    2.199680] ..TIMER: vector=0x30 apic1=0 pin1=2 apic2=-1 pin2=-1
[    2.311407] smpboot: CPU0: Intel(R) Core(TM) i5-5250U CPU @ 1.60GHz (family: 0x6, model: 0x3d, stepping: 0x4)
[    2.327719] Performance Events: unsupported p6 CPU model 61 no PMU driver, software events only.
[    2.360645] KVM setup paravirtual spinlock
[    2.365738] x86: Booting SMP configuration:
[    2.368698] .... node  #0, CPUs:      #1
[    2.377346] kvm-clock: cpu 1, msr 0:3ffe3041, secondary cpu clock
[    2.380176] mce: CPU supports 0 MCE banks
[    2.383314] x86: Booted up 1 node, 2 CPUs
[    2.393125] smpboot: Total of 2 processors activated (6399.99 BogoMIPS)
[    2.398219] devtmpfs: initialized
[    2.406292] evm: security.selinux
[    2.416262] evm: security.SMACK64
[    2.424857] evm: security.SMACK64EXEC
[    2.434212] evm: security.SMACK64TRANSMUTE
[    2.447760] evm: security.SMACK64MMAP
[    2.457745] evm: security.ima
[    2.460354] evm: security.capability
[    2.465561] clocksource: jiffies: mask: 0xffffffff max_cycles: 0xffffffff, max_idle_ns: 7645041785100000 ns
[    2.469794] futex hash table entries: 512 (order: 3, 32768 bytes)
[    2.474118] pinctrl core: initialized pinctrl subsystem
[    2.480987] RTC time: 10:08:55, date: 10/01/18
[    2.483311] NET: Registered protocol family 16
[    2.496043] cpuidle: using governor ladder
[    2.508505] cpuidle: using governor menu
[    2.516881] PCCT header not found.
[    2.518420] ACPI: bus type PCI registered
[    2.525345] acpiphp: ACPI Hot Plug PCI Controller Driver version: 0.5
[    2.537059] PCI: Using configuration type 1 for base access
[    2.553888] ACPI: Added _OSI(Module Device)
[    2.558152] ACPI: Added _OSI(Processor Device)
[    2.565340] ACPI: Added _OSI(3.0 _SCP Extensions)
[    2.573207] ACPI: Added _OSI(Processor Aggregator Device)
[    2.583283] ACPI: Executed 1 blocks of module-level executable AML code
[    2.592498] ACPI: Interpreter enabled
[    2.599944] ACPI: (supports S0 S5)
[    2.604616] ACPI: Using IOAPIC for interrupt routing
[    2.606727] PCI: Using host bridge windows from ACPI; if necessary, use "pci=nocrs" and report a bug
[    2.624147] ACPI: PCI Root Bridge [PCI0] (domain 0000 [bus 00-ff])
[    2.633056] acpi PNP0A03:00: _OSC: OS supports [ASPM ClockPM Segments MSI]
[    2.642213] acpi PNP0A03:00: _OSC: not requesting OS control; OS requires [ExtendedConfig ASPM ClockPM MSI]
[    2.647227] acpi PNP0A03:00: fail to add MMCONFIG information, can't access extended PCI configuration space under this bridge.
[    2.654632] PCI host bridge to bus 0000:00
[    2.656913] pci_bus 0000:00: root bus resource [io  0x0000-0x0cf7 window]
[    2.668095] pci_bus 0000:00: root bus resource [io  0x0d00-0xffff window]
[    2.679402] pci_bus 0000:00: root bus resource [mem 0x000a0000-0x000bffff window]
[    2.688865] pci_bus 0000:00: root bus resource [mem 0x40000000-0xfdffffff window]
[    2.694518] pci_bus 0000:00: root bus resource [bus 00-ff]
[    2.704867] pci 0000:00:01.1: legacy IDE quirk: reg 0x10: [io  0x01f0-0x01f7]
[    2.716896] pci 0000:00:01.1: legacy IDE quirk: reg 0x14: [io  0x03f6]
[    2.733032] pci 0000:00:01.1: legacy IDE quirk: reg 0x18: [io  0x0170-0x0177]
[    2.741547] pci 0000:00:01.1: legacy IDE quirk: reg 0x1c: [io  0x0376]
[    2.772945] pci 0000:00:07.0: quirk: [io  0x4000-0x403f] claimed by PIIX4 ACPI
[    2.790358] pci 0000:00:07.0: quirk: [io  0x4100-0x410f] claimed by PIIX4 SMB
[    2.817489] ACPI: PCI Interrupt Link [LNKA] (IRQs 5 9 10 *11)
[    2.820856] ACPI: PCI Interrupt Link [LNKB] (IRQs 5 9 *10 11)
[    2.831000] ACPI: PCI Interrupt Link [LNKC] (IRQs 5 *9 10 11)
[    2.838462] ACPI: PCI Interrupt Link [LNKD] (IRQs 5 9 10 *11)
[    2.850917] ACPI: Enabled 2 GPEs in block 00 to 07
[    2.854309] vgaarb: setting as boot device: PCI:0000:00:02.0
[    2.856617] vgaarb: device added: PCI:0000:00:02.0,decodes=io+mem,owns=io+mem,locks=none
[    2.869582] vgaarb: loaded
[    2.872315] vgaarb: bridge control possible 0000:00:02.0
[    2.875370] SCSI subsystem initialized
[    2.884850] ACPI: bus type USB registered
[    2.889005] usbcore: registered new interface driver usbfs
[    2.891195] usbcore: registered new interface driver hub
[    2.898453] usbcore: registered new device driver usb
[    2.907037] PCI: Using ACPI for IRQ routing
[    2.913406] NetLabel: Initializing
[    2.916843] NetLabel:  domain hash size = 128
[    2.918571] NetLabel:  protocols = UNLABELED CIPSOv4
[    2.921639] NetLabel:  unlabeled traffic allowed by default
[    2.930207] amd_nb: Cannot enumerate AMD northbridges
[    2.940291] clocksource: Switched to clocksource kvm-clock
[    2.962148] AppArmor: AppArmor Filesystem Enabled
[    2.965374] pnp: PnP ACI init
    2.993560] pnp: PnP ACPI: found 3 devices

[    3.032736] clocksource: acpi_pm: mask: 0xffffff max_cycles: 0xffffff, max_ide_ns: 2085701024 n
[    3.085895] NET: Registered protocol family 2

[    3.087913] TCP established hash table entries: 8192 (order: 4, 65536 bytes)
[    3.091228] TCP bind hash table entries: 8192 (order: 5, 131072 bytes)
[    3.094464] TCP: Hash tables configured (established 8192 bind 8192)
[    3.096412] UDP hash table entries: 512 (order: 2, 16384 bytes)
[    3.098266] UDP-Lite hash table entries: 512 (order: 2, 16384 bytes)
[    3.100244] NET: Registered protocol family 1
[    3.101753] pci 0000:00:00.0: Limiting direct PCI/PCI transfers
[    3.104008] pci 0000:00:01.0: Activating ISA DMA hang workarounds
[    3.106160] Unpacking initramfs...
[    3.415819] Freeing initrd memory: 14792K
[    3.418811] RAPL PMU detected, API unit is 2^-32 Joules, 4 fixed counters 10737418240 ms ovfl timer
[    3.428808] hw unit of domain pp0-core 2^-0 Joules
[    3.431236] hw unit of domain package 2^-0 Joules
[    3.434432] hw unit of domain dram 2^-0 Joules
[    3.449032] hw unit of domain pp1-gpu 2^-0 Joules
[    3.462348] platform rtc_cmos: registered platform RTC device (no PNP device found)
[    3.468482] Scanning for low memory corruption every 60 seconds
[    3.475765] audit: initializing netlink subsys (disabled)
[    3.482467] audit: type=2000 audit(1538388538.938:1): initialized
[    3.485290] Initialise system trusted keyring
[    3.490234] HugeTLB registered 2 MB page size, pre-allocated 0 pages
[    3.495683] zbud: loaded
[    3.498776] VFS: Disk quotas dquot_6.6.0
[    3.500416] VFS: Dquot-cache hash table entries: 512 (order 0, 4096 bytes)
[    3.506975] squashfs: version 4.0 (2009/01/31) Phillip Lougher
[    3.514453] fuse init (API version 7.23)
[    3.525713] Key type big_key registered
[    3.529406 Allocatng IMA MOK and blacklist keyrings.

[    3.585230] Key type asymmetric registered
[    3.586745] Asymmetric key parser 'x509' registered
[    3.588409] Block layer SCSI generic (bsg) driver version 0.4 loaded (major 249)
[    3.590919] io scheduler noop registered
[    3.592570] io scheduler deadline registered (default)
[    3.594464] io scheduler cfq registered
[    3.595864] pci_hotplug: PCI Hot Plug PCI Core version: 0.5
[    3.597696] pciehp: PCI Express Hot Plug Controller Driver version: 0.4
[    3.600081] ACPI: AC Adapter [AC] (on-line)
[    3.601633] input: Power Button as /devices/LNXSYSTM:00/LNXPWRBN:00/input/input0
[    3.604173] ACPI: Power Button [PWRF]
[    3.605566] input: Sleep Button as /devices/LNXSYSTM:00/LNXSLPBN:00/input/input1
[    3.607969] ACPI: Sleep Button [SLPF]
[    3.609475] GHES: HEST is not enabled!
[    3.611314] ACPI: Battery Slot [BAT0] (battery present)
[    3.613328] Serial: 8250/16550 driver, 32 ports, IRQ sharing enabled
[    3.639709] 00:02: ttyS0 at I/O 0x3f8 (irq = 4, base_baud = 115200) is a 16550A
[    3.650444] Linux agpgart interface v0.103
[    3.655036] loop: module loaded
[    3.657163] scsi host0: ata_piix
[    3.658541] scsi host1: ata_piix
[    3.659710] ata1: PATA max UDMA/33 cmd 0x1f0 ctl 0x3f6 bmdma 0xd000 irq 14
[    3.661877] ata2: PATA max UDMA/33 cmd 0x170 ctl 0x376 bmdma 0xd008 irq 15
[    3.664435] libphy: Fixed MDIO Bus: probed
[    3.666140] tun: Universal TUN/TAP device driver, 1.6
[    3.667857] tun: (C) 1999-2004 Max Krasnyansky <maxk@qualcomm.com>
[    3.669976] PPP generic driver version 2.4.2
[    3.671519] ehci_hcd: USB 2.0 'Enhanced' Host Controller (EHCI) Driver
[    3.673899] ehci-pci: EHCI PCI platform driver
[    3.675351] ehci-platform: EHCI generic platform driver
[    3.677100] ohci_hcd: USB 1.1 'Open' Host Controller (OHCI) Driver
[    3.679249] ohci-pci: OHCI PCI platform driver
[    3.680690] ohci-platform: OHCI generic platform driver
[    3.682446] uhci_hcd: USB Universal Host Controller Interface driver
[    3.684567] i8042: PNP: PS/2 Controller [PNP0303:PS2K,PNP0f03:PS2M] at 0x60,0x64 irq 1,12
[    3.687744] serio: i8042 KBD port at 0x60,0x64 irq 1
[    3.689389] serio: i8042 AUX port at 0x60,0x64 irq 12
[    3.691304] mousedev: PS/2 mouse device common for all mice
[    3.693680] input: AT Translated Set 2 keyboard as /devices/platform/i8042/serio0/input/input2
[    3.697188] rtc_cmos rtc_cmos: rtc core: registered rtc_cmos as rtc0
[    3.699231] rtc_cmos rtc_cmos: alarms up to one day, 114 bytes nvram
[    3.705348] i2c /dev entries driver
[    3.710113] device-mapper: uevent: version 1.0.3
[    3.713900] device-mapper: ioctl: 4.34.0-ioctl (2015-10-28) initialised: dm-devel@redhat.com
[    3.726191] ledtrig-cpu: registered to indicate activity on CPUs
[    3.731154] NET: Registered protocol family 10
[    3.734522] NET: Registered protocol family 17
[    3.738377] Key type dns_resolver registered
[    3.741243] registered taskstats version 1
[    3.743042] Loading compiled-in X.509 certificates
[    3.745508] Loaded X.509 cert 'Build time autogenerated kernel key: 4eb3d024ac16f76c1747ffd474694c84db21038b'
[    3.751873] zswap: loaded using pool lzo/zbud
[    3.757726] Key type trusted registered
[    3.764090] Key type encrypted registered
[    3.765834] AppArmor: AppArmor sha1 policy hashing enabled
[    3.768351] ima: No TPM chip found, activating TPM-bypass!
[    3.770323] ima: Allocated hash algorithm: sha1
[    3.771800] evm: HMAC attrs: 0x1
[    3.773649]   Magic number: 6:223:122
[    3.774926] acpi LNXSYBUS:00: hash matches
[    3.776384] rtc_cmos rtc_cmos: setting system clock to 2018-10-01 10:08:56 UTC (1538388536)
[    3.779222] BIOS EDD facility v0.16 2004-Jun-25, 0 devices found
[    3.781198] EDD information not available.
[    3.822633] Freeing unused kernel memory: 1516K
[    3.926004] Write protecting the kernel read-only data: 14336k
[    4.218573] Freeing unused kernel memory: 1672K
[    4.235170] Freeing unused kernel memory: 92K
Loading, please wait...
starting version 229
[    4.255032] random: systemd-udevd: uninitialized urandom read (16 bytes read, 5 bits of entropy available)
[    4.255138] random: udevadm: uninitialized urandom read (16 bytes read, 5 bits of entropy available)
[    4.255162] random: udevadm: uninitialized urandom read (16 bytes read, 5 bits of entropy available)
[    4.264673] random: udevadm: uninitialized urandom read (16 bytes read, 5 bits of entropy available)
[    4.264721] random: udevadm: uninitialized urandom read (16 bytes read, 5 bits of entropy available)
[    4.264864] random: udevadm: uninitialized urandom read (16 bytes read, 5 bits of entropy available)
[    4.264916] random: udevadm: uninitialized urandom read (16 bytes read, 5 bits of entropy available)
[    4.264968] random: udevadm: uninitialized urandom read (16 bytes read, 5 bits of entropy available)
[    4.265019] random: udevadm: uninitialized urandom read (16 bytes read, 5 bits of entropy available)
[    4.265068] random: udevadm: uninitialized urandom read (16 bytes read, 5 bits of entropy available)
[    4.356134] e1000: Intel(R) PRO/1000 Network Driver - version 7.3.21-k8-NAPI
[    4.359159] e1000: Copyright (c) 1999-2006 Intel Corporation.
[    4.364289] Fusion MPT base driver 3.04.20
[    4.374829] Copyright (c) 1999-2008 LSI Corporation
[    4.401332] Fusion MPT SPI Host driver 3.04.20
[    4.456337] AVX2 version of gcm_enc/dec engaged.
[    4.471120] AES CTR mode by8 optimization enabled
[    4.472445] tsc: Refined TSC clocksource calibration: 1600.502 MHz
[    4.472448] clocksource: tsc: mask: 0xffffffffffffffff max_cycles: 0x1711ff3eb7f, max_idle_ns: 440795271082 ns
[    4.597366] input: ImExPS/2 Generic Explorer Mouse as /devices/platform/i8042/serio1/input/input4
[    4.868228] e1000 0000:00:03.0 eth0: (PCI:33MHz:32-bit) 02:1d:76:b3:3c:fe
[    4.870759] e1000 0000:00:03.0 eth0: Intel(R) PRO/1000 Network Connection
[    4.893815] mptbase: ioc0: Initiating bringup
[    4.961411] ioc0: LSI53C1030 A0: Capabilities={Initiator}
[    5.132329] scsi host2: ioc0: LSI53C1030 A0, FwRev=00000000h, Ports=1, MaxQ=256, IRQ=20
[    5.261433] scsi 2:0:0:0: Direct-Access     VBOX     HARDDISK         1.0  PQ: 0 ANSI: 5
[    5.270445] scsi target2:0:0: Beginning Domain Validation
[    5.276610] scsi target2:0:0: Domain Validation skipping write tests
[    5.278631] scsi target2:0:0: Ending Domain Validation
[    5.280362] scsi target2:0:0: asynchronous
[    5.282709] scsi 2:0:1:0: Direct-Access     VBOX     HARDDISK         1.0  PQ: 0 ANSI: 5
[    5.297763] scsi target2:0:1: Beginning Domain Validation
[    5.306243] scsi target2:0:1: Domain Validation skipping write tests
[    5.318803] scsi target2:0:1: Ending Domain Validation
[    5.348676] scsi target2:0:1: asynchronous
[    5.369497] sd 2:0:0:0: Attached scsi generic sg0 type 0
[    5.372798] sd 2:0:1:0: Attached scsi generic sg1 type 0
[    5.375440] sd 2:0:0:0: [sda] 20971520 512-byte logical blocks: (10.7 GB/10.0 GiB)
[    5.378766] sd 2:0:1:0: [sdb] 20480 512-byte logical blocks: (10.5 MB/10.0 MiB)
[    5.382503] sd 2:0:0:0: [sda] Write Protect is off
[    5.384559] sd 2:0:1:0: [sdb] Write Protect is off
[    5.386957] sd 2:0:0:0: [sda] Incomplete mode parameter data
[    5.389374] sd 2:0:0:0: [sda] Assuming drive cache: write through
[    5.392044] sd 2:0:1:0: [sdb] Incomplete mode parameter data
[    5.399808] sd 2:0:1:0: [sdb] Assuming drive cache: write through
[    5.407468]  sda: sda1
[    5.410089] sd 2:0:0:0: [sda] Attached SCSI disk
[    5.412943] sd 2:0:1:0: [sdb] Attached SCSI disk
[    5.802644] e1000 0000:00:08.0 eth1: (PCI:33MHz:32-bit) 08:00:27:21:98:da
[    5.805517] e1000 0000:00:08.0 eth1: Intel(R) PRO/1000 Network Connection
[    5.811642] e1000 0000:00:08.0 enp0s8: renamed from eth1
[    5.825899] e1000 0000:00:03.0 enp0s3: renamed from eth0
Begin: Loading essential drivers ... [    7.214893] md: linear personality registered for level -1
[    7.237760] md: multipath personality registered for level -4
[    7.262538] md: raid0 personality registered for level 0
[    7.271268] md: raid1 personality registered for level 1
[    7.344615] raid6: sse2x1   gen()  7848 MB/s
[    7.420340] raid6: sse2x1   xor()  5602 MB/s
[    7.492388] raid6: sse2x2   gen()  9571 MB/s
[    7.564852] raid6: sse2x2   xor()  6100 MB/s
[    7.636394] raid6: sse2x4   gen() 11298 MB/s
[    7.716970] raid6: sse2x4   xor()  8127 MB/s
[    7.788373] raid6: avx2x1   gen() 14377 MB/s
[    7.856403] raid6: avx2x2   gen()  9895 MB/s
[    7.932539] raid6: avx2x4   gen()  8310 MB/s
[    7.936647] raid6: using algorithm avx2x1 gen() 14377 MB/s
[    7.953773] raid6: using avx2x2 recovery algorithm
[    7.958922] xor: automatically using best checksumming function:
[    8.004870]    avx       : 22851.000 MB/sec
[    8.015230] async_tx: api initialized (async)
[    8.038384] md: raid6 personality registered for level 6
[    8.049822] md: raid5 personality registered for level 5
[    8.054609] md: raid4 personality registered for level 4
[    8.064894] md: raid10 personality registered for level 10
done.
Begin: Running /scripts/init-premount ... done.
Begin: Mounting root file system ... Begin: Running /scripts/local-top ... done.
Begin: Running /scripts/local-premount ... [    8.110335] Btrfs loaded
Scanning for Btrfs filesystems
done.
Warning: fsck not present, so skipping root file system
[    8.169974] EXT4-fs (sda1): mounted filesystem with ordered data mode. Opts: (null)
done.
Begin: Running /scripts/local-bottom ... done.
Begin: Running /scripts/init-bottom ... done.
[    8.293786] systemd[1]: systemd 229 running in system mode. (+PAM +AUDIT +SELINUX +IMA +APPARMOR +SMACK +SYSVINIT +UTMP +LIBCRYPTSETUP +GCRYPT +GNUTLS +ACL +XZ -LZ4 +SECCOMP +BLKID +ELFUTILS +KMOD -IDN)
[    8.316089] systemd[1]: Detected virtualization oracle.
[    8.319622] systemd[1]: Detected architecture x86-64.

Welcome to [1mUbuntu 16.04.5 LTS[0m!

[    8.339113] systemd[1]: Set hostname to <ubuntu>.
[    8.346474] systemd[1]: Initializing machine ID from random generator.
[    8.350866] systemd[1]: Installed transient /etc/machine-id file.
[    8.529173] systemd[1]: Listening on LVM2 poll daemon socket.
[[0;32m  OK  [0m] Listening on LVM2 poll daemon socket.
[    8.545554] ystemd[1]: Listening on Journa Socet.

[[0;32m  OK  [0m] Listening on Journal Socket.
[    8.633150] systemd[1]: Reached target Swap.
[[0;32m  OK  [0m] Reached target Swap.
[    8.656428] systemd[1]: Listening on udev Kernel Socket.
[[0;32m  OK  [0m] Listening on udev Kernel Socket.
[   8.677463] systemd[1]: Reached target Encrypted Volumes.

[[0;32m  OK  [0m] Reached target Encrypted Volumes.
[    8.721367] sstemd[1]: Listening on Device-mapper event daemon FIFOs.

[[0;32m  OK  [0m] Listening on Device-mapper event daemon FIFOs.
[    8.756894] systemd[1]: Reached target System Time Synchronized.
[[0;32m  OK  [0m] Reached target System Time Synchronized.
[    8.771112] systemd[1]: Listening on udev Control Socket.
[[0;32m  OK  [0m] Listening on udev Control Socket.
[    8.785423] systemd[1]: Reached target User and Group Name Lookups.
[[0;32m  OK  [0m] Reached target User and Group Name Lookups.
[    8.809933] systemd[1]: Started Forard Password Requests to Wall Directory Watch.

[[0;32m  OK  [0m] Started Forward Password Requests to Wall Directory Watch.
[    8.856245] systemd[1]: Listening on /dev/initctl Compatibility Named Pipe.
[[0;32m  OK  [0m] Listening on /dev/initctl Compatibility Named Pipe.
[    8.867321] systemd[1]: Created slice System Slice.
[[0;32m  OK  [0m] Created slice System Slice.
[    8.905466] systemd[1]: Starting Set console keymap...
         Starting Set console keymap...
[    8.925498] systemd[1]: Starting Load Kernel Modules...
         Starting Load Kernel Modules...
[    8.932980] systemd[1]: Created slice system-serial\x2dgetty.slice.
[[    8.936254] Loading iSCSI transport class v2.0-870.
[0;32m  OK  [0m] Created slice system-serial\x2dgetty.slice.
[    8.947356] systemd[1]: Mounting Debug File System...
         Mounting Debug File System...
[    8.955763] systemd[1]: Set up automount Arbitrary Executable File Formats File System Automount Point.
[[0;32m  OK  [0m] Set up automount Arbitrary Execu[    8.972868] iscsi: registered transport (tcp)
tab...ats File System Automount Point.
[    9.082608] iscsi: registered transport (iser)
[    9.088912] systemd[1]: Starting Uncomplicated firewall...
         Starting Uncomplicated firewall...
[    9.125626] systemd[1]: Listening on LVM2 metadata daemon socket.
[[0;32m  OK  [0m] Listening on LVM2 metadata daemon socket.
[    9.168614] systemd[1]: Starting Monitoring of LVM2 mirrors, snapshots etc. using dmeventd or progress polling...
         Starting Monitoring of LVM2 mirrors... dmeventd or progress polling...
[    9.186125] systemd[1]: Listening on Journal Audit Socket.
[    9.186673] random: nonblocking pool is initialized
[[0;32m  OK  [0m] Listening on Journal Audit Socket.
[    9.240992] systemd[1]: Mounting POSIX Message Queue File System...
         Mounting POSIX Message Queue File System...
[    9.248771] systemd[1]: Starting Nameserver information manager...
         Starting Nameserver information manager...
[    9.268794] systemd[1]: Listening on Syslog Socket.
[[0;32m  OK  [0m] Listening on Syslog Socket.
[    9.275383] systemd[1]: Starting Remount Root and Kernel File Systems...
         Starting Remount Root and Kernel File Systems...
[    9.282728] systemd[1]: Created slice User and Session Slice.
[    9.283813] EXT4-fs (sda1): re-mounted. Opts: (null)
[[0;32m  OK  [0m] Created slice User and Session Slice.
[    9.308779] systemd[1]: Reached target Slices.
[[0;32m  OK  [0m] Reached target Slices.
[    9.314542] systemd[1]: Started Trigger resolvconf update for networkd DNS.
[[0;32m  OK  [0m] Started Trigger resolvconf update for networkd DNS.
[    9.349579] systemd[1]: Starting Create list of required static device nodes for the current kernel...
         Starting Create list of required st... nodes for the current kernel...
[    9.379087] systemd[1]: Mounting Huge Pages File System...
         Mounting Huge Pages File System...
[    9.385418] systemd[1]: Listening on Journal Socket (/dev/log).
[[0;32m  OK  [0m] Listening on Journal Socket (/dev/log).
[    9.400610] systemd[1]: Starting Journal Service...
         Starting Journal Service...
[    9.416993] systemd[1]: Mounted Debug File System.
[[0;32m  OK  [0m] Mounted Debug File System.
[    9.424659] systemd[1]: Mounted Huge Pages File System.
[[0;32m  OK  [0m] Mounted Huge Pages File System.
[    9.442813] systemd[1]: Mounted POSIX Message Queue File System.
[[0;32m  OK  [0m] Mounted POSIX Message Queue File System.
[    9.452296] systemd[1]: Started Journal Service.
[[0;32m  OK  [0m] Started Journal Service.
[[0;32m  OK  [0m] Started Set console keymap.
[[0;32m  OK  [0m] Started Load Kernel Modules.
[[0;32m  OK  [0m] Started Uncomplicated firewall.
[[0;32m  OK  [0m] Started Remount Root and Kernel File Systems.
[[0;32m  OK  [0m] Started Create list of required sta...ce nodes for the current kernel.
[[0;32m  OK  [0m] Started Nameserver information manager.
[[0;32m  OK  [0m] Started LVM2 metadata daemon.
         Starting Create Static Device Nodes in /dev...
         Starting Load/Save Random Seed...
         Starting udev Coldplug all Devices...
         Starting Apply Kernel Variables...
         Mounting FUSE Control File System...
         Starting Flush Journal to Persistent Storage...
[[0;32m  OK  [0m] Mounted FUSE Control File System.
[[0;32m  OK  [0m] Started Create Static Device Nodes in /dev.
[[0;32m  OK  [0m] Started Load/Save Random Seed.
[[0;32m  OK  [0m] Started Apply Kernel Variables.
[[0;32m  OK  [0m] Started udev Coldplug all Devices.
[[0;32m  OK  [0m] Started Flush Journal to Persistent Storage.
[[0;32m  OK  [0m] Started Monitoring of LVM2 mirrors,...ng dmeventd or progress polling.
         Starting udev Kernel Device Manager...
[[0;32m  OK  [0m] Started udev Kernel Device Manager.
[[0;32m  OK  [0m] Started Dispatch Password Requests to Console Directory Watch.
[[0;32m  OK  [0m] Reached target Local File Systems (Pre).
[[0;32m  OK  [0m] Reached target Local File Systems.
         Starting Commit a transient machine-id on disk...
         Starting LSB: AppArmor initialization...
         Starting Set console font and keymap...
         Starting Initial cloud-init job (pre-networking)...
         Starting Create Volatile Files and Directories...
         Starting Tell Plymouth To Write Out Runtime Data...
[[0;32m  OK  [0m] Started Commit a transient machine-id on disk.
[[0;32m  OK  [0m] Started Create Volatile Files and Directories.
         Starting Update UTMP about System Boot/Shutdown...
[[0;32m  OK  [0m] Started Tell Plymouth To Write Out Runtime Data.
[[0;32m  OK  [0m] Started Update UTMP about System Boot/Shutdown.
[[0;32m  OK  [0m] Found device /dev/ttyS0.
[[0;32m  OK  [0m] Listening on Load/Save RF Kill Switch Status /dev/rfkill Watch.
[[0;32m  OK  [0m] Started Set console font and keymap.
[[0;32m  OK  [0m] Created slice system-getty.slice.
[    9.378358] cloud-init[479]: Cloud-init v. 18.3-9-g2e62cb8a-0ubuntu1~16.04.2 running 'init-local' at Mon, 01 Oct 2018 10:09:03 +0000. Up 8.73 seconds.
[[0;32m  OK  [0m] Started LSB: AppArmor initialization.
[[0;32m  OK  [0m] Started Initial cloud-init job (pre-networking).
[[0;32m  OK  [0m] Reached target Network (Pre).
         Starting Raise network interfaces...
[[0;32m  OK  [0m] Started Raise network interfaces.
[[0;32m  OK  [0m] Reached target Network.
         Starting Initial cloud-init job (metadata service crawler)...
[   11.164132] cloud-init[937]: Cloud-init v. 18.3-9-g2e62cb8a-0ubuntu1~16.04.2 running 'init' at Mon, 01 Oct 2018 10:09:05 +0000. Up 10.47 seconds.
[   11.171238] cloud-init[937]: ci-info: ++++++++++++++++++++++++++++++++++++++Net device info+++++++++++++++++++++++++++++++++++++++
[   11.200750] cloud-init[937]: ci-info: +--------+-------+----------------------------+---------------+--------+-------------------+
[   11.207858] cloud-init[937]: ci-info: | Device |   Up  |          Address           |      Mask     | Scope  |     Hw-Address    |
[   11.214882] cloud-init[937]: ci-info: +--------+-------+----------------------------+---------------+--------+-------------------+
[   11.220645] cloud-init[937]: ci-info: | enp0s3 |  True |         10.0.2.15          | 255.255.255.0 | global | 02:1d:76:b3:3c:fe |[[0;32m  OK  [0m] Started Initial cloud-init job (metadata service crawler).
[[0;32m  OK  [0m] Reached target Network is Online.

[   11.231506] cloud-init[937]: ci-info: | enp0s3 |  True | fe80::1d:76ff:feb3:3cfe/64 |       .       |  link  | 02:1d:76:b3:3c:fe |
[   11.248890]          Starting iSCSI initiator daemon (iscsid)...
[[0;32m  OK  [0m] Reached target System Initialization.
         Starting Socket activation for snappy daemon.
[[0;32m  OK  [0m] Listening on ACPID Listen Socket.
[[0;32m  OK  [0m] Listening on UUID daemon activation socket.
cloud-init[937]: ci-info: | enp0s8 | False |             .              |       .       |   .    | 08:00:27:21:98:da |
[[0;32m  OK  [0m] Listening on D-Bus System Message Bus Socket.
[   11.277652] [[0;32m  OK  [0m] Started Daily apt download activities.
[[0;32m  OK  [0m] Started Daily apt upgrade and clean activities.
cloud-init[937]: ci-info: |   lo   |  True |         127.0.0.1          |   255.0.0.0   |  host  |         .         |
[   11.322912]          Starting LXD - unix socket.
[[0;32m  OK  [0m] Started Daily Cleanup of Temporary Directories.
[[0;32m  OK  [0m] Reached target Timers.
cloud-init[937]: ci-info: |   lo   |  True |          ::1/128           |       .       |  host  |         .         |
[   11.337006] [[0;32m  OK  [0m] Started ACPI Events Check.
[[0;32m  OK  [0m] Reached target Paths.
[[0;32m  OK  [0m] Reached target Cloud-config availability.
cloud-init[937]: ci-info: +--------+-------+----------------------------+---------------+--------+-------------------+
[[0;32m  OK  [0m] Listening on Socket activation for snappy daemon.
[   11.372523] cloud-init[937]: ci-info: +++++++++++++++++++++++++++Route IPv4 info++++++++++++++++++++++++++++
[[0;32m  OK  [0m] Listening on LXD - unix socket.
[[0;32m  OK  [0m] Started iSCSI initiator daemon (iscsid).
[   11.401119] cloud-init[937]: ci-info: +-------+-------------+----------+---------------+-----------+-------+
[   11.466150] cloud-init[937]: ci-info: | Route | Destination | Gateway  |    Genmask    | Interface | Flags |
         Starting Login to default iSCSI targets...
[[0;32m  OK  [0m] Reached target Sockets.
[[0;32m  OK  [0m] Reached target Basic System.
[   11.491583] cloud-init[937]: ci-info: +-------+-------------+----------+---------------+-----------+-------+
[   11.506891] cloud-init[937]: ci-info: |   0   |   0.0.0.0   | 10.0.2.2 |    0.0.0.0    |   enp0s3  |   UG  |
[   11.520696]          Starting Login Service...
[[0;32m  OK  [0m] Started D-Bus System Message Bus.
cloud-init[937]: ci-info: |   1   |   10.0.2.0  | 0.0.0.0  | 255.255.255.0 |   enp0s3  |   U   |
[   11.537301] cloud-init[937]: ci-info: +-------+-------------+----------+---------------+-----------+-------+
[   11.544898] cloud-init[937]: ci-info: +++++++++++++++++++Route IPv6 info+++++++++++++++++++
[   11.560783] cloud-init[937]: ci-info: +-------+-------------+---------+-----------+-------+
[   11.572766] [[0;32m  OK  [0m] Started FUSE filesystem for LXC.
         Starting LXD - container startup/shutdown...
cloud-init[937]: ci-info: | Route | Destination | Gateway | Interface | Flags |
         Starting LSB: Record successful boot for GRUB...
[   11.593130] cloud-init[937]: ci-info: +-------+-------------+---------+-----------+-------+
[   11.616461] cloud-init[937]: ci-info: |   0   |  fe80::/64  |    ::   |   enp0s3  |   U   |
[   11.617498] cloud-init[937]: ci-info: |   3   |   ff00::/8  |    ::   |   enp0s3  |   U   |
[   11.618886] cloud-init[937]: ci-info: +-------+-------------+---------+-----------+-------+
         Starting Virtualbox guest utils...
[   11.619971] cloud-init[937]: Generating public/private rsa key pair.
[[0;32m  OK  [0m] Started Regular background program processing daemon.
         Starting Accounts Service...
[[0;32m  OK  [0m] Started Unattended Upgrades Shutdown.
[   11.637090] cloud-init[937]: Your identification has been saved in /etc/ssh/ssh_host_rsa_key.
         Starting System Logging Service...
[   11.662834] cloud-init[937]: Your public key has been saved in /etc/ssh/ssh_host_rsa_key.pub.
[   11.676375] cloud-init[937]: The key fingerprint is:
[   11.676732] cloud-init[937]: SHA256:ILHjJ7Dmd+4+PSVRz+li+CLQoyLyh1IG29IluZLpPq8 root@ubuntu-xenial
[   11.679561] cloud-init[937]: The key's randomart image is:
[   11.681770] cloud-init[937]: +---[RSA 2048]----+
[   11.683141] cloud-init[937]: |    .            |
         Starting Pollinate to seed the pseudo random number generator...
[   11.683778] cloud-init[937]: |     o    .      |
[   11.704464]          Starting /etc/rc.local Compatibility...
cloud-init[937]: |  ..+ .  . o .   |
[   11.716200] [[0;32m  OK  [0m] Started ACPI event daemon.
         Starting LSB: MD monitoring daemon...
[[0;32m  OK  [0m] Started Deferred execution scheduler.
cloud-init[937]:          Starting Snappy daemon...
|. o+.o ..   +    |[[0;32m  OK  [0m] Started System Logging Service.
[[0;32m  OK  [0m] Started /etc/rc.local Compatibility.

[   11.735881] cloud-init[937]: | Bo+o.. So .     |
[   11.747118] cloud-init[937]: |*o* .oo o + .    |
[   11.774166] cloud-init[937]: |.=...o.o = .     |
[   11.783991] cloud-init[937]: |+oo.ooo + .      |
[   11.797705] [[0;32m  OK  [0m] Started Login to default iSCSI targets.
cloud-init[937]: |oE=+ o+o o       |
[   11.804349] cloud-init[937]: +----[SHA256]-----+
[   11.810031] cloud-init[937]: Generating public/private dsa key pair.
[   11.848301] cloud-init[937]: Your identification has been saved in /etc/ssh/ssh_host_dsa_key.[[0;32m  OK  [0m] Started LSB: Record successful boot for GRUB.

[[0;32m  OK  [0m] Started Login Service.
[   11.887862] cloud-init[937]: Your public key has been saved in /etc/ssh/ssh_host_dsa_key.pub.
[   11.909676] cloud-init[937]: The key fingerprint is:
         Starting Authenticate and Authorize Users to Run Privileged Tasks...
[[0;32m  OK  [0m] Reached target Remote File Systems (Pre).
[[0;32m  OK  [0m] Reached target Remote File Systems.
         Starting LSB: Set the CPU Frequency Scaling governor to "ondemand"...
         Starting LSB: daemon to balance interrupts for SMP systems...
         Starting LSB: automatic crash report generation...
         Starting Permit User Sessions...
[[0;32m  OK  [0m] Started LXD - container startup/shutdown.
[[0;32m  OK  [0m] Started LSB: MD monitoring daemon.
[[0;32m  OK  [0m] Started Permit User Sessions.
[   11.928079] cloud-init[937]: SHA256:mcZmJsP5L4afyh9otDHQcO7LdLblHHmZA1GOiV9FSuU root@ubuntu-xenial
[   11.987671]          Starting Terminate Plymouth Boot Screen...
         Starting Hold until boot process finishes up...
cloud-init[937]: The key's randomart image is:
[   11.999786] cloud-init[937]: +---[DSA 1024]----+[[0;32m  OK  [0m] Started Terminate Plymouth Boot Screen.

[[0;32m  OK  [0m] Started Hold until boot process finishes up.
[   12.011402] cloud-init[937]: |    . .   ..oo+  |
[   12.018768] [[0;32m  OK  [0m] Started Authenticate and Authorize Users to Run Privileged Tasks.
cloud-init[937]: |     =   . * +   |
[   12.036686] cloud-init[937]: |    . o . + + E  |
[[0;32m  OK  [0m] Started Getty on tty1.
[   12.060577] cloud-init[937]: |     + o + + o   |
         Starting Set console scheme...
[[0;32m  OK  [0m] Started Serial Getty on ttyS0.
[[0;32m  OK  [0m] Reached target Login Prompts.
[[0;32m  OK  [0m] Started LSB: Set the CPU Frequency Scaling governor to "ondemand".
[[0;32m  OK  [0m] Started LSB: daemon to balance interrupts for SMP systems.
[[0;32m  OK  [0m] Started LSB: automatic crash report generation.
[[0;32m  OK  [0m] Started Virtualbox guest utils.
[[0;32m  OK  [0m] Started Accounts Service.
[   12.102789] cloud-init[937]: [[0;32m  OK  [0m] Started Set console scheme.
|      @ S = =    |
[   12.125112] cloud-init[937]: |     + ^ = o .   |
[   12.128090] cloud-init[937]: |      *.+ o      |
[   12.132470] cloud-init[937]: |     o. o+       |
[   12.135776] cloud-init[937]: |      o=+..      |
[   12.141522] cloud-init[937]: +----[SHA256]-----+
[   12.155678] cloud-init[937]: Generating public/private ecdsa key pair.
[   12.163759] cloud-init[937]: Your identification has been saved in /etc/ssh/ssh_host_ecdsa_key.
[   12.170971] cloud-init[937]: Your public key has been saved in /etc/ssh/ssh_host_ecdsa_key.pub.
[   12.193391] cloud-init[937]: The key fingerprint is:
[   12.201210] cloud-init[937]: SHA256:Pc/mSL03itlC/xe3J3c/eF7XAaMY9P3pKmX9n+JQkCo root@ubuntu-xenial
[   12.206821] cloud-init[937]: The key's randomart image is:
[   12.210803] cloud-init[937]: +---[ECDSA 256]---+
[   12.215291] cloud-init[937]: |         .       |
[   12.222320] cloud-init[937]: |        . . o    |
[   12.236823] cloud-init[937]: |         . + +   |
[   12.253438] cloud-init[937]: |         .+ o + .|
[   12.254328] cloud-init[937]: |       ESoo. ..+ |
[   12.255411] cloud-init[937]: |        . .=.o.o+|
[   12.260262] cloud-init[937]: |         ..oB ..O|
[   12.260661] cloud-init[937]: |         ..Oo+=+X|
[   12.263247] cloud-init[937]: |          +.B*=BO|
[   12.264921] cloud-init[937]: +----[SHA256]-----+
[   12.266085] cloud-init[937]: Generating public/private ed25519 key pair.
[[0;32m  OK  [0m] Started Snappy daemon.
[   12.270723] cloud-init[937]: Your identification has been saved in /etc/ssh/ssh_host_ed25519_key.
[   12.304653] cloud-init[937]: Your public key has been saved in /etc/ssh/ssh_host_ed25519_key.pub.
[   12.305160]          cloud-initStarting Wait until snapd is fully seeded...[937]: 
The key fingerprint is:
[   12.322481] cloud-init[937]: SHA256:WZZ280qPuXqOFNcFu5vl/kDrpHi21PLXs6fFRiT3sM4 root@ubuntu-xenial
[   12.327350] cloud-init[937]: The key's randomart image is:
[   12.339350] cloud-init[937]: +--[ED25519 256]--+
[   12.345719] cloud-init[937]: |              .  |
[   12.355750] cloud-init[937]: |           .   o |
[   12.368208] cloud-init[937]: |          = o + +|
[   12.373371] cloud-init[937]: |         = . + O.|
[   12.377868] cloud-init[937]: |        S . o * +|
[   12.380861] cloud-init[937]: |           + X O |
[   12.381416] cloud-init[937]: |          . * E *|
[   12.384815] cloud-init[937]: |         . ++B *+|
[   12.385415] cloud-init[937]: |          +*=.++B|
[   12.388626] cloud-init[937]: +----[SHA256]-----+
[[0;32m  OK  [0m] Started Pollinate to seed the pseudo random number generator.
         Starting OpenBSD Secure Shell server...
[[0;32m  OK  [0m] Started OpenBSD Secure Shell server.
[[0;32m  OK  [0m] Started Wait until snapd is fully seeded.
         Starting Apply the settings specified in cloud-config...
[[0;32m  OK  [0m] Reached target Multi-User System.
[[0;32m  OK  [0m] Reached target Graphical Interface.
         Starting Update UTMP about System Runlevel Changes...
[[0;32m  OK  [0m] Started Update UTMP about System Runlevel Changes.
[   13.941900] cloud-init[1265]: Generating locales (this might take a while)...
[   14.758183] cloud-init[1265]:   en_US.UTF-8... done
[   14.762767] cloud-init[1265]: Generation complete.
[   15.131798] cloud-init[1265]: Cloud-init v. 18.3-9-g2e62cb8a-0ubuntu1~16.04.2 running 'modules:config' at Mon, 01 Oct 2018 10:09:08 +0000. Up 13.78 seconds.
[[0;32m  OK  [0m] Started Apply the settings specified in cloud-config.
         Starting Execute cloud user/final scripts...
ci-info: no authorized ssh keys fingerprints found for user ubuntu.
<14>Oct  1 10:09:10 ec2: 
<14>Oct  1 10:09:10 ec2: #############################################################
<14>Oct  1 10:09:10 ec2: -----BEGIN SSH HOST KEY FINGERPRINTS-----
<14>Oct  1 10:09:10 ec2: 1024 SHA256:mcZmJsP5L4afyh9otDHQcO7LdLblHHmZA1GOiV9FSuU root@ubuntu-xenial (DSA)
<14>Oct  1 10:09:10 ec2: 256 SHA256:Pc/mSL03itlC/xe3J3c/eF7XAaMY9P3pKmX9n+JQkCo root@ubuntu-xenial (ECDSA)
<14>Oct  1 10:09:10 ec2: 256 SHA256:WZZ280qPuXqOFNcFu5vl/kDrpHi21PLXs6fFRiT3sM4 root@ubuntu-xenial (ED25519)
<14>Oct  1 10:09:10 ec2: 2048 SHA256:ILHjJ7Dmd+4+PSVRz+li+CLQoyLyh1IG29IluZLpPq8 root@ubuntu-xenial (RSA)
<14>Oct  1 10:09:10 ec2: -----END SSH HOST KEY FINGERPRINTS-----
<14>Oct  1 10:09:10 ec2: #############################################################
-----BEGIN SSH HOST KEY KEYS-----
ecdsa-sha2-nistp256 AAAAE2VjZHNhLXNoYTItbmlzdHAyNTYAAAAIbmlzdHAyNTYAAABBBNCQIZHUSOlY4jzRGjSmtNaSVxiDQQJq/hGijZ2zmTt3SjwdVjyn2MvvoMzZuASz1levxl/MUkn59Vxm0HUwhFQ= root@ubuntu-xenial
ssh-ed25519 AAAAC3NzaC1lZDI1NTE5AAAAIC43dVMe+SRLlU0qqVVvP98EwrokxmZYJm0zSwLi5B+P root@ubuntu-xenial
ssh-rsa AAAAB3NzaC1yc2EAAAADAQABAAABAQDoViBiX0TmLA8k5O4Z9uptClD+6/T7Uik3rv50kiwNGTet9Aoce8ZM1Mko07xV6kpCiltj9vDhM/UtbUI1ZgdhNSfCUUjP24aX4Vouz+D14+yDOgL5hEQ1w6aSbO9yOOdfC6FZIyp64NzXAZFiPv1Hg6Lwn5z5e7p0rp04bc1nTtyQ4+xYGBtn2NXIzpc7Twulj6vte+IcvRd2Xl1O+Leu+fjK0Lrys4f43rEXB4SLCrgmEqDn6Gck2GxcbtJvFr8UQ2YKKoX74wCHR/5CDD2jzodQgm4a6CalOkePs/zMiubImNnk/32WFl3rre9/7pOqHCzciSSBPtxReghp6PBt root@ubuntu-xenial
-----END SSH HOST KEY KEYS-----
[   16.010957] cloud-init[1310]: Cloud-init v. 18.3-9-g2e62cb8a-0ubuntu1~16.04.2 running 'modules:final' at Mon, 01 Oct 2018 10:09:10 +0000. Up 15.48 seconds.
[   16.060632] cloud-init[1310]: ci-info: no authorized ssh keys fingerprints found for user ubuntu.
[   16.094587] cloud-init[1310]: Cloud-init v. 18.3-9-g2e62cb8a-0ubuntu1~16.04.2 finished at Mon, 01 Oct 2018 10:09:11 +0000. Datasource DataSourceNoCloud [seed=/dev/sdb][dsmode=net].  Up 16.00 seconds
[[0;32m  OK  [0m] Started Execute cloud user/final scripts.
[[0;32m  OK  [0m] Reached target Cloud-init target.

Ubuntu 16.04.5 LTS ubuntu-xenial ttyS0

ubuntu-xenial login: 